
> meu-reddit@0.1.0 build
> next build

   Ôû▓ Next.js 16.0.3 (Turbopack)
   - Environments: .env

node.exe :  ÔÜá The 
"middleware" file 
convention is 
deprecated. Please 
use "proxy" instead. 
Learn more: https://n
extjs.org/docs/messag
es/middleware-to-prox
y
No linha:1 
caractere:1
+ & "C:\Program Files
\nodejs/node.exe" 
"C:\Program 
Files\nodejs/node_mo 
...
+ ~~~~~~~~~~~~~~~~~~~
~~~~~~~~~~~~~~~~~~~~~
~~~~~~~~~~~~~~~~~~~~~
~~~~~~~~
    + CategoryInfo   
           : NotSpe  
  cified: ( ÔÜá Th   
 e "middl...lewar    
e-to-proxy:Strin    
g) [], RemoteExc    
eption
    + FullyQualified 
   ErrorId : Native  
  CommandError
 
   Creating an optimized production build ...

> Build error 
occurred
Error: Turbopack 
build failed with 2 
errors:
./app/create-communit
y/page.tsx:160:5
Parsing ecmascript 
source code failed
[0m [90m 158 
|[39m               
                  ))}
 [90m 159 |[39m    
                     
        )
[31m[1m>[22m[39m
[90m 160 |[39m     }
 [90m     |[39m    
 [31m[1m^[22m[39m
 [90m 161 |[39m
 [90m 162 |[39m    
                     
        
[36mreturn[39m (
 [90m 163 |[39m    
                     
        [33m<[39m[
33mdiv[39m className
[33m=[39m[32m"min-
h-screen pt-[var(--he
ader-height)] bg-[var
(--color-bg-page)]"[
39m[33m>[39m[0m

Unexpected token. 
Did you mean `{'}'}` 
or `&rbrace;`?


./app/create-communit
y/page.tsx:287:1
Parsing ecmascript 
source code failed
[0m [90m 285 
|[39m               
                  [3
3m<[39m[33m/[39m[
33mdiv[39m[33m>[39
m
 [90m 286 |[39m    
                     
        )
[31m[1m>[22m[39m
[90m 287 |[39m }
 [90m     |[39m 
[31m[1m^[22m[39m
 [90m 288 |[39m[0m

Unexpected token. 
Did you mean `{'}'}` 
or `&rbrace;`?


    at <unknown> (./a
pp/create-community/p
age.tsx:160:5)
    at <unknown> (./a
pp/create-community/p
age.tsx:287:1)
